// Jest Snapshot v1, https://goo.gl/fbAQLP

exports[`parse parses block 1`] = `"color:red"`;

exports[`parse parses block 2`] = `"background-color:green"`;

exports[`parse parses block 3`] = `"color:blue;background-color:transparent"`;

exports[`parse parses declaration 1`] = `"background-color:green"`;

exports[`parse parses declaration 2`] = `"-ms-overflow-style:auto"`;

exports[`parse parses declaration 3`] = `"-moz-appearance:button"`;

exports[`parse parses declaration 4`] = `"-webkit-border-before:red"`;

exports[`parse parses fallback values 1`] = `"color:red;color:green"`;
