// Jest Snapshot v1, https://goo.gl/fbAQLP

exports[`reboot overrides style 1`] = `"<style data-glitz>.a{box-sizing:border-box}.d{margin-top:0}.e{margin-bottom:1em}.b:before{box-sizing:border-box}.c:after{box-sizing:border-box}</style>"`;

exports[`reboot renders input with reboot style 1`] = `"<style data-glitz>.a{box-sizing:border-box}.d{margin-left:0}.e{margin-right:0}.f{margin-top:0}.g{margin-bottom:0}.h{font-family:inherit}.i{font-size:inherit}.j{line-height:inherit}.k{overflow:visible}.b:before{box-sizing:border-box}.c:after{box-sizing:border-box}.l[type=\\"button\\"]{-webkit-appearance:button}.m[type=\\"reset\\"]{-webkit-appearance:button}.n[type=\\"submit\\"]{-webkit-appearance:button}.o[list]::-webkit-calendar-picker-indicator{display:none}.p[type=\\"date\\"]{-webkit-appearance:textarea}.q[type=\\"time\\"]{-webkit-appearance:textarea}.r[type=\\"datetime-local\\"]{-webkit-appearance:textarea}.s[type=\\"month\\"]{-webkit-appearance:textarea}.t::-webkit-datetime-edit{overflow:visible}.u::-webkit-datetime-edit{line-height:0}.v[type=\\"search\\"]{outline-offset:-2px}.w[type=\\"search\\"]{-webkit-appearance:textfield}.x::-webkit-search-decoration{font-style:inherit}.y::-webkit-search-decoration{font-variant:inherit}.z::-webkit-search-decoration{font-weight:inherit}.a0::-webkit-search-decoration{font-stretch:inherit}.a1::-webkit-search-decoration{font-size:inherit}.a2::-webkit-search-decoration{font-family:inherit}.a3::-webkit-search-decoration{line-height:inherit}.a4::-webkit-search-decoration{-webkit-appearance:button}.a5::-webkit-color-swatch-wrapper{padding-left:0}.a6::-webkit-color-swatch-wrapper{padding-right:0}.a7::-webkit-color-swatch-wrapper{padding-top:0}.a8::-webkit-color-swatch-wrapper{padding-bottom:0}</style>"`;
