// Jest Snapshot v1, https://goo.gl/fbAQLP

exports[`server applies transformer 1`] = `"<style class=\\"__glitz__\\">.a{-moz-appearance:none;appearance:none}.b{animation-name:a}@keyframes a{from{-moz-appearance:none;appearance:none}}</style>"`;

exports[`server deletes properties 1`] = `"<style class=\\"__glitz__\\">.a{color:red}</style>"`;

exports[`server injects atomic rules 1`] = `"<style class=\\"__glitz__\\">.a{color:red}.b{background-color:green}.c{border-color:blue}.d:hover{color:red}.e:hover{background-color:green}.f:hover{border-color:blue}</style><style class=\\"__glitz__\\" media=\\"(min-width: 768px)\\">.g{color:red}.h{background-color:green}.i{border-color:blue}</style>"`;

exports[`server injects different combinations 1`] = `"<style class=\\"__glitz__\\">.a{color:red}</style><style class=\\"__glitz__\\" media=\\"(min-width: 768px)\\">.b{color:green}</style><style class=\\"__glitz__\\" media=\\"(min-width: 992px)\\">.c{color:blue}</style>"`;

exports[`server injects font face rule 1`] = `"<style class=\\"__glitz__\\">.a{font-family:a}.b{font-family:b}.c{font-family:b,sans-serif}.d{font-family:sans-serif}@font-face {font-style:normal;font-weight:400;src:url(https://fonts.gstatic.com/s/paytoneone/v10/0nksC9P7MfYHj2oFtYm2ChTtgPs.woff2) format('woff2');font-family:a}@font-face {font-style:normal;font-weight:400;src:url(https://fonts.gstatic.com/s/paytoneone/v10/0nksC9P7MfYHj2oFtYm2ChTjgPvNiA.woff2) format('woff2');font-family:b}</style>"`;

exports[`server injects keyframes rule 1`] = `"<style class=\\"__glitz__\\">.a{animation-name:a}.b{animation-name:b}.c{animation-name:some-thing}@keyframes a{from{color:red}to{color:green}}@keyframes b{from{color:blue}to{color:white}}</style>"`;

exports[`server injects media markup in certain order 1`] = `"<style class=\\"__glitz__\\">.d{color:red}</style><style class=\\"__glitz__\\" media=\\"(min-width: 100px)\\">.b{color:red}</style><style class=\\"__glitz__\\" media=\\"(min-width: 200px)\\">.c{color:red}</style><style class=\\"__glitz__\\" media=\\"(min-width: 300px)\\">.a{color:red}</style>"`;

exports[`server injects media rule 1`] = `"<style class=\\"__glitz__\\">.a{color:red}.b:hover{color:red}</style><style class=\\"__glitz__\\" media=\\"(min-width: 768px)\\">.c{color:red}.d:hover{color:red}</style>"`;

exports[`server injects nested pseudo rule 1`] = `"<style class=\\"__glitz__\\">.a:first-child:hover{color:red}</style>"`;

exports[`server injects non-atomic rules 1`] = `"<style class=\\"__glitz__\\">.a{color:red;background-color:green;border-color:blue}.b:hover{color:red;background-color:green;border-color:blue}</style><style class=\\"__glitz__\\" media=\\"(min-width: 768px)\\">.c{color:red;background-color:green;border-color:blue}</style>"`;

exports[`server injects plain rule 1`] = `"<style class=\\"__glitz__\\">.a{color:red}</style>"`;

exports[`server injects pseudo rule 1`] = `"<style class=\\"__glitz__\\">.a{color:red}.b:hover{color:red}</style>"`;

exports[`server injects rule deeply 1`] = `"<style class=\\"__glitz__\\">.a{color:red}.b{padding-left:20px}.e{animation-name:a}.f{animation-name:b}.g{font-family:a}.h{font-family:b}.c:hover{color:red}.d:first-child:hover{color:red}@keyframes a{from{color:green}to{color:blue}}@keyframes b{from{color:white}to{color:black}}@font-face {src:url(https://fonts.gstatic.com/s/paytoneone/v10/0nksC9P7MfYHj2oFtYm2ChTjgPvNiA.woff2) format('woff2');font-family:a}@font-face {src:url(https://fonts.gstatic.com/s/paytoneone/v10/0nksC9P7MfYHj2oFtYm2ChTtgPs.woff2) format('woff2');font-family:b}</style><style class=\\"__glitz__\\" media=\\"(min-width: 768px)\\">.i{color:red}.j:hover{color:red}</style>"`;

exports[`server injects shorthand rule 1`] = `"<style class=\\"__glitz__\\">.a{padding-left:10px}.b{padding-right:10px}.c{padding-top:10px}.d{padding-bottom:10px}.e{grid-column-gap:10px}.f{margin-left:10px}.g{margin-right:10px}.h{margin-top:10px}.i{margin-bottom:10px}.j{padding-left:30px}.k{animation-name:a}.l{font-family:a}@keyframes a{from{padding-left:20px}}@font-face {font-weight:bold;font-family:a}</style>"`;

exports[`server preserves order 1`] = `"<style class=\\"__glitz__\\">.a{padding-top:20px}.b{color:red}.c{padding-right:30px}.e{padding-left:30px}.d:hover{color:green}</style>"`;

exports[`server preserves order 2`] = `"<style class=\\"__glitz__\\">.a{padding-top:20px;color:red;padding-right:30px;padding-left:30px}.b:hover{color:green}</style>"`;
