// Jest Snapshot v1, https://goo.gl/fbAQLP

exports[`server applies transformer 1`] = `"@keyframes a{from{-moz-appearance:none;appearance:none}}.a{-moz-appearance:none;appearance:none}.b{animation-name:a}"`;

exports[`server deletes properties 1`] = `".a{color:red}"`;

exports[`server injects atomic rules 1`] = `".a{color:red}.b{background-color:green}.c{border-left-color:blue}.d:hover{color:red}.e:hover{background-color:green}.f:hover{border-left-color:blue}@media (min-width: 768px){.g{color:red}.h{background-color:green}.i{border-left-color:blue}}"`;

exports[`server injects attribute selector 1`] = `".a{color:red}.b[disabled]{color:red}"`;

exports[`server injects different combinations 1`] = `".a{color:red}@media (min-width: 768px){.b{color:green}}@media (min-width: 992px){.c{color:blue}}"`;

exports[`server injects font face rule 1`] = `"@font-face{font-style:normal;font-weight:400;src:url(https://fonts.gstatic.com/s/paytoneone/v10/0nksC9P7MfYHj2oFtYm2ChTtgPs.woff2) format('woff2');font-family:x}@font-face{font-style:normal;font-weight:400;src:url(https://fonts.gstatic.com/s/paytoneone/v10/0nksC9P7MfYHj2oFtYm2ChTjgPvNiA.woff2) format('woff2');font-family:y}@font-face{font-style:normal;font-weight:400;src:url(https://fonts.gstatic.com/s/paytoneone/v10/0nksC9P7MfYHj2oFtYm2ChTjgPvNiA.woff2) format('woff2');font-family:x}.a{font-family:x}.b{font-family:y}.c{font-family:x,sans-serif}.d{font-family:sans-serif}"`;

exports[`server injects keyframes rule 1`] = `"@keyframes a{from{color:red}to{color:green}}@keyframes b{from{color:blue}to{color:white}}.a{animation-name:a}.b{animation-name:b}.c{animation-name:some-thing}"`;

exports[`server injects media markup in certain order 1`] = `".d{color:red}@media (min-width: 100px){.b{color:red}}@media (min-width: 200px){.c{color:red}}@media (min-width: 300px){.a{color:red}}"`;

exports[`server injects media rule 1`] = `".a{color:red}.b:hover{color:red}@media (min-width: 768px){.c{color:red}.d:hover{color:red}}"`;

exports[`server injects nested attribute selector 1`] = `".a[readonly][disabled]{color:red}"`;

exports[`server injects nested pseudo selector 1`] = `".a:first-child:hover{color:red}"`;

exports[`server injects non-atomic rules 1`] = `".a{color:red;background-color:green;border-left-color:blue}.b:hover{color:red;background-color:green;border-left-color:blue}@media (min-width: 768px){.c{color:red;background-color:green;border-left-color:blue}}"`;

exports[`server injects plain rule 1`] = `".a{color:red}"`;

exports[`server injects pseudo selector 1`] = `".a{color:red}.b:hover{color:red}"`;

exports[`server injects rule deeply 1`] = `"@font-face{src:url(https://fonts.gstatic.com/s/paytoneone/v10/0nksC9P7MfYHj2oFtYm2ChTjgPvNiA.woff2) format('woff2');font-family:y}@font-face{src:url(https://fonts.gstatic.com/s/paytoneone/v10/0nksC9P7MfYHj2oFtYm2ChTtgPs.woff2) format('woff2');font-family:z}@keyframes a{from{color:green}to{color:blue}}@keyframes b{from{color:white}to{color:black}}.a{color:red}.b{padding-left:20px}.e{animation-name:a}.f{animation-name:b}.g{font-family:y}.h{font-family:z}.c:hover{color:red}.d:first-child:hover{color:red}@media (min-width: 768px){.i{color:red}.j:hover{color:red}}"`;

exports[`server injects shorthand rule 1`] = `"@font-face{font-family:x}@keyframes a{from{padding-left:20px}}.a{padding-left:10px}.b{padding-right:10px}.c{padding-top:10px}.d{padding-bottom:10px}.e{grid-column-gap:10px}.f{margin-left:10px}.g{margin-right:10px}.h{margin-top:10px}.i{margin-bottom:10px}.j{margin-left:20px}.k{margin-right:20px}.l{margin-top:20px}.m{margin-bottom:20px}.n{padding-left:30px}.o{animation-name:a}.p{font-family:x}.q{border-left-width:0}.r{border-right-width:0}.s{border-top-width:0}.t{border-bottom-width:0}.u{border-left-color:red}.v{border-right-color:red}.w{border-top-color:green}.x{border-bottom-color:green}.y{border-top-left-radius:0}.z{border-top-right-radius:0}.a0{border-bottom-left-radius:0}.a1{border-bottom-right-radius:0}.a2{border-right-width:10px}.a3{border-left-width:20px}"`;

exports[`server passes theme 1`] = `".a{color:red}"`;

exports[`server preserves order 1`] = `".a{padding-top:20px}.b{color:red}.c{padding-right:30px}.e{padding-left:30px}.d:hover{color:green}"`;

exports[`server preserves order 2`] = `".a{padding-top:20px;color:red;padding-right:30px;padding-left:30px}.b:hover{color:green}"`;
