// Jest Snapshot v1, https://goo.gl/fbAQLP

exports[`number to unit injects atomic style with numeric values as px 1`] = `"<style class=\\"__glitz__\\">.a{width:1px}.b{height:1px;height:max-content}.c{padding-left:1px}.d{columns:1}.e{line-height:1}.f{left:0}.g{order:1}</style>"`;

exports[`number to unit injects atomic style with numeric values as rem 1`] = `"<style class=\\"__glitz__\\">.a{width:1rem}.b{height:1rem;height:max-content}.c{padding-left:1px}.d{columns:1em}.e{line-height:1}.f{left:0}.g{order:1}</style>"`;

exports[`number to unit injects non-atomic style with numeric values as px 1`] = `"<style class=\\"__glitz__\\">.a{width:1px;height:1px;height:max-content;padding-left:1px;columns:1;line-height:1;left:0;order:1}</style>"`;

exports[`number to unit injects non-atomic style with numeric values as rem 1`] = `"<style class=\\"__glitz__\\">.a{width:1rem;height:1rem;height:max-content;padding-left:1px;columns:1em;line-height:1;left:0;order:1}</style>"`;
