// Jest Snapshot v1, https://goo.gl/fbAQLP

exports[`client applies transformer 1`] = `".a {appearance: none; -moz-appearance: none;}"`;

exports[`client injects atomic rules 1`] = `".a {color: red;}"`;

exports[`client injects atomic rules 2`] = `".b {background-color: green;}"`;

exports[`client injects atomic rules 3`] = `".c {border-color: blue;}"`;

exports[`client injects different combinations 1`] = `".a {color: red;}"`;

exports[`client injects different combinations 2`] = `".b {color: green;}"`;

exports[`client injects different combinations 3`] = `".c {color: blue;}"`;

exports[`client injects font face rule 1`] = `"@font-face {font-style: normal; font-weight: 400; src: url(https://fonts.gstatic.com/s/paytoneone/v10/0nksC9P7MfYHj2oFtYm2ChTtgPs.woff2) format('woff2'); font-family: a;}"`;

exports[`client injects font face rule 2`] = `".a {font-family: a;}"`;

exports[`client injects font face rule 3`] = `"@font-face {font-style: normal; font-weight: 400; src: url(https://fonts.gstatic.com/s/paytoneone/v10/0nksC9P7MfYHj2oFtYm2ChTjgPvNiA.woff2) format('woff2'); font-family: b;}"`;

exports[`client injects font face rule 4`] = `".b {font-family: b;}"`;

exports[`client injects font face rule 5`] = `".c {font-family: b,sans-serif;}"`;

exports[`client injects keyframes rule 1`] = `
"@keyframes a { 
  from {color: red;} 
  to {color: green;} 
}"
`;

exports[`client injects keyframes rule 2`] = `".a {animation-name: a;}"`;

exports[`client injects keyframes rule 3`] = `
"@keyframes b { 
  from {color: blue;} 
  to {color: white;} 
}"
`;

exports[`client injects keyframes rule 4`] = `".b {animation-name: b;}"`;

exports[`client injects media rule 1`] = `".c {color: red;}"`;

exports[`client injects nested pseudo rule 1`] = `".a:first-child:hover {color: red;}"`;

exports[`client injects plain rule 1`] = `".a {color: red;}"`;

exports[`client injects pseudo rule 1`] = `".b:hover {color: red;}"`;

exports[`client injects shorthand rule 1`] = `".a {padding-left: 10px;}"`;

exports[`client injects shorthand rule 2`] = `".b {padding-right: 10px;}"`;

exports[`client injects shorthand rule 3`] = `".c {padding-top: 10px;}"`;

exports[`client injects shorthand rule 4`] = `".d {padding-bottom: 10px;}"`;

exports[`client injects shorthand rule 5`] = `".e {margin-left: 10px;}"`;

exports[`client injects shorthand rule 6`] = `".f {margin-right: 10px;}"`;

exports[`client injects shorthand rule 7`] = `".g {margin-top: 10px;}"`;

exports[`client injects shorthand rule 8`] = `".h {margin-bottom: 10px;}"`;
