// Jest Snapshot v1, https://goo.gl/fbAQLP

exports[`client injects atomic rules 1`] = `".a {color: red;}"`;

exports[`client injects atomic rules 2`] = `".b {background: green;}"`;

exports[`client injects atomic rules 3`] = `".c {border: blue;}"`;

exports[`client injects different combinations 1`] = `".a {color: red;}"`;

exports[`client injects different combinations 2`] = `".b {color: green;}"`;

exports[`client injects different combinations 3`] = `".c {color: blue;}"`;

exports[`client injects keyframes rule 1`] = `
"@keyframes a { 
  from {color: red;} 
  to {color: green;} 
}"
`;

exports[`client injects keyframes rule 2`] = `".a {animation-name: a;}"`;

exports[`client injects media rule 1`] = `".c {color: red;}"`;

exports[`client injects nested pseudo rule 1`] = `".a:first-child:hover {color: red;}"`;

exports[`client injects plain rule 1`] = `".a {color: red;}"`;

exports[`client injects pseudo rule 1`] = `".b:hover {color: red;}"`;
