// Jest Snapshot v1, https://goo.gl/fbAQLP

exports[`client increments plain hash 1`] = `".c {color: blue;}"`;

exports[`client injects keyframes rule 1`] = `
"@keyframes a { 
  from {color: red;} 
  to {color: green;} 
}"
`;

exports[`client injects plain rule 1`] = `".a {color: red;}"`;

exports[`client injects plain rule 2`] = `".b {color: green; background-color: black;}"`;

exports[`client injects pseudo rule 1`] = `".a:hover {color: red;}"`;

exports[`client injects pseudo rule 2`] = `".b:hover {color: green; background-color: black;}"`;
